The following modules were not unloaded:
  (Use "module --force purge" to unload all):

  1) 2023.01   2) StdEnv

Attaching package: ‘reshape2’

The following object is masked from ‘package:tidyr’:

    smiths


Attaching package: ‘dplyr’

The following objects are masked from ‘package:stats’:

    filter, lag

The following objects are masked from ‘package:base’:

    intersect, setdiff, setequal, union

Saving 7 x 7 in image
==> Starting simulation(s) <==
==| Simulation(s) complete - final time: 6.19s |==
==> Starting simulation(s) <==
==| Simulation(s) complete - final time: 6.08s |==
==> Starting simulation(s) <==
==| Simulation(s) complete - final time: 6.03s |==
==> Starting simulation(s) <==
==| Simulation(s) complete - final time: 6.05s |==
==> Starting simulation(s) <==
==| Simulation(s) complete - final time: 6.19s |==
==> Starting simulation(s) <==
==| Simulation(s) complete - final time: 6.39s |==
==> Starting simulation(s) <==
==| Simulation(s) complete - final time: 6.46s |==
==> Starting simulation(s) <==
==| Simulation(s) complete - final time: 6.72s |==
==> Starting simulation(s) <==
==| Simulation(s) complete - final time: 7.04s |==
==> Starting simulation(s) <==
==| Simulation(s) complete - final time: 7s |==
==> Starting simulation(s) <==
==| Simulation(s) complete - final time: 7.71s |==
==> Starting simulation(s) <==
==| Simulation(s) complete - final time: 9.39s |==
==> Starting simulation(s) <==
==| Simulation(s) complete - final time: 17.62s |==
==> Starting simulation(s) <==
==| Simulation(s) complete - final time: 96.06s |==
==> Starting simulation(s) <==
==| Simulation(s) complete - final time: 324.66s |==
==> Starting simulation(s) <==
==| Simulation(s) complete - final time: 562.28s |==
==> Starting simulation(s) <==
==| Simulation(s) complete - final time: 658.17s |==
==> Starting simulation(s) <==
==| Simulation(s) complete - final time: 568.52s |==
==> Starting simulation(s) <==
==| Simulation(s) complete - final time: 487.19s |==
==> Starting simulation(s) <==
==| Simulation(s) complete - final time: 523.59s |==
==> Starting simulation(s) <==
==| Simulation(s) complete - final time: 484.46s |==
==> Starting simulation(s) <==
==| Simulation(s) complete - final time: 446.69s |==
==> Starting simulation(s) <==
==| Simulation(s) complete - final time: 412.71s |==
==> Starting simulation(s) <==
==| Simulation(s) complete - final time: 395.14s |==
==> Starting simulation(s) <==
==| Simulation(s) complete - final time: 368.15s |==
==> Starting simulation(s) <==
==| Simulation(s) complete - final time: 6.51s |==
==> Starting simulation(s) <==
==| Simulation(s) complete - final time: 6.61s |==
==> Starting simulation(s) <==
==| Simulation(s) complete - final time: 6.29s |==
==> Starting simulation(s) <==
==| Simulation(s) complete - final time: 6.34s |==
==> Starting simulation(s) <==
==| Simulation(s) complete - final time: 6.56s |==
==> Starting simulation(s) <==
==| Simulation(s) complete - final time: 6.64s |==
==> Starting simulation(s) <==
==| Simulation(s) complete - final time: 6.53s |==
==> Starting simulation(s) <==
==| Simulation(s) complete - final time: 6.76s |==
==> Starting simulation(s) <==
==| Simulation(s) complete - final time: 6.91s |==
==> Starting simulation(s) <==
==| Simulation(s) complete - final time: 8.4s |==
==> Starting simulation(s) <==
==| Simulation(s) complete - final time: 8.17s |==
==> Starting simulation(s) <==
==| Simulation(s) complete - final time: 12.74s |==
==> Starting simulation(s) <==
==| Simulation(s) complete - final time: 13.94s |==
==> Starting simulation(s) <==
==| Simulation(s) complete - final time: 54.41s |==
==> Starting simulation(s) <==
==| Simulation(s) complete - final time: 328.6s |==
==> Starting simulation(s) <==
==| Simulation(s) complete - final time: 557.02s |==
==> Starting simulation(s) <==
==| Simulation(s) complete - final time: 656.32s |==
==> Starting simulation(s) <==
==| Simulation(s) complete - final time: 556.72s |==
==> Starting simulation(s) <==
==| Simulation(s) complete - final time: 526.31s |==
==> Starting simulation(s) <==
==| Simulation(s) complete - final time: 491.13s |==
==> Starting simulation(s) <==
==| Simulation(s) complete - final time: 448.37s |==
==> Starting simulation(s) <==
==| Simulation(s) complete - final time: 445.91s |==
==> Starting simulation(s) <==
==| Simulation(s) complete - final time: 420.44s |==
==> Starting simulation(s) <==
==| Simulation(s) complete - final time: 398.24s |==
==> Starting simulation(s) <==
==| Simulation(s) complete - final time: 367.2s |==
==> Starting simulation(s) <==
==| Simulation(s) complete - final time: 6.28s |==
==> Starting simulation(s) <==
==| Simulation(s) complete - final time: 6.15s |==
==> Starting simulation(s) <==
==| Simulation(s) complete - final time: 6.46s |==
==> Starting simulation(s) <==
==| Simulation(s) complete - final time: 6.15s |==
==> Starting simulation(s) <==
==| Simulation(s) complete - final time: 6.39s |==
==> Starting simulation(s) <==
==| Simulation(s) complete - final time: 6.44s |==
==> Starting simulation(s) <==
==| Simulation(s) complete - final time: 7.26s |==
==> Starting simulation(s) <==
==| Simulation(s) complete - final time: 6.87s |==
==> Starting simulation(s) <==
==| Simulation(s) complete - final time: 7.23s |==
==> Starting simulation(s) <==
==| Simulation(s) complete - final time: 7.58s |==
==> Starting simulation(s) <==
==| Simulation(s) complete - final time: 7.8s |==
==> Starting simulation(s) <==
==| Simulation(s) complete - final time: 8.59s |==
==> Starting simulation(s) <==
==| Simulation(s) complete - final time: 15.86s |==
==> Starting simulation(s) <==
==| Simulation(s) complete - final time: 103.01s |==
==> Starting simulation(s) <==
==| Simulation(s) complete - final time: 322.25s |==
==> Starting simulation(s) <==
==| Simulation(s) complete - final time: 627.27s |==
==> Starting simulation(s) <==
==| Simulation(s) complete - final time: 576.5s |==
==> Starting simulation(s) <==
==| Simulation(s) complete - final time: 610.91s |==
==> Starting simulation(s) <==
==| Simulation(s) complete - final time: 572.3s |==
==> Starting simulation(s) <==
==| Simulation(s) complete - final time: 482.95s |==
==> Starting simulation(s) <==
==| Simulation(s) complete - final time: 445.48s |==
==> Starting simulation(s) <==
==| Simulation(s) complete - final time: 444.54s |==
==> Starting simulation(s) <==
==| Simulation(s) complete - final time: 411.06s |==
==> Starting simulation(s) <==
==| Simulation(s) complete - final time: 388.63s |==
==> Starting simulation(s) <==
==| Simulation(s) complete - final time: 368.44s |==
==> Starting simulation(s) <==
==| Simulation(s) complete - final time: 6.47s |==
==> Starting simulation(s) <==
==| Simulation(s) complete - final time: 6.61s |==
==> Starting simulation(s) <==
==| Simulation(s) complete - final time: 6.29s |==
==> Starting simulation(s) <==
==| Simulation(s) complete - final time: 6.28s |==
==> Starting simulation(s) <==
==| Simulation(s) complete - final time: 6.53s |==
==> Starting simulation(s) <==
==| Simulation(s) complete - final time: 6.43s |==
==> Starting simulation(s) <==
==| Simulation(s) complete - final time: 6.72s |==
==> Starting simulation(s) <==
==| Simulation(s) complete - final time: 7.19s |==
==> Starting simulation(s) <==
==| Simulation(s) complete - final time: 7.27s |==
==> Starting simulation(s) <==
==| Simulation(s) complete - final time: 7.37s |==
==> Starting simulation(s) <==
==| Simulation(s) complete - final time: 8.2s |==
==> Starting simulation(s) <==
==| Simulation(s) complete - final time: 10.57s |==
==> Starting simulation(s) <==
==| Simulation(s) complete - final time: 15.04s |==
==> Starting simulation(s) <==
==| Simulation(s) complete - final time: 81.87s |==
==> Starting simulation(s) <==
==| Simulation(s) complete - final time: 345.11s |==
==> Starting simulation(s) <==
==| Simulation(s) complete - final time: 509.21s |==
==> Starting simulation(s) <==
==| Simulation(s) complete - final time: 645.36s |==
==> Starting simulation(s) <==
==| Simulation(s) complete - final time: 562s |==
==> Starting simulation(s) <==
==| Simulation(s) complete - final time: 500.83s |==
==> Starting simulation(s) <==
==| Simulation(s) complete - final time: 527.6s |==
==> Starting simulation(s) <==
==| Simulation(s) complete - final time: 493.53s |==
==> Starting simulation(s) <==
==| Simulation(s) complete - final time: 451s |==
==> Starting simulation(s) <==
==| Simulation(s) complete - final time: 437.47s |==
==> Starting simulation(s) <==
==| Simulation(s) complete - final time: 407.14s |==
==> Starting simulation(s) <==
==| Simulation(s) complete - final time: 396.84s |==
==> Starting simulation(s) <==
==| Simulation(s) complete - final time: 7.39s |==
==> Starting simulation(s) <==
==| Simulation(s) complete - final time: 7.16s |==
==> Starting simulation(s) <==
==| Simulation(s) complete - final time: 6.94s |==
==> Starting simulation(s) <==
==| Simulation(s) complete - final time: 7.17s |==
==> Starting simulation(s) <==
==| Simulation(s) complete - final time: 7.65s |==
==> Starting simulation(s) <==
==| Simulation(s) complete - final time: 7.53s |==
==> Starting simulation(s) <==
==| Simulation(s) complete - final time: 7.53s |==
==> Starting simulation(s) <==
==| Simulation(s) complete - final time: 7.93s |==
==> Starting simulation(s) <==
==| Simulation(s) complete - final time: 8.51s |==
==> Starting simulation(s) <==
==| Simulation(s) complete - final time: 8.3s |==
==> Starting simulation(s) <==
==| Simulation(s) complete - final time: 9.13s |==
==> Starting simulation(s) <==
==| Simulation(s) complete - final time: 69.4s |==
==> Starting simulation(s) <==
==| Simulation(s) complete - final time: 36.19s |==
==> Starting simulation(s) <==
==| Simulation(s) complete - final time: 126.81s |==
==> Starting simulation(s) <==
==| Simulation(s) complete - final time: 384.17s |==
==> Starting simulation(s) <==
==| Simulation(s) complete - final time: 557.83s |==
==> Starting simulation(s) <==
==| Simulation(s) complete - final time: 664.3s |==
==> Starting simulation(s) <==
==| Simulation(s) complete - final time: 580.51s |==
==> Starting simulation(s) <==
==| Simulation(s) complete - final time: 567.37s |==
==> Starting simulation(s) <==
==| Simulation(s) complete - final time: 505.55s |==
==> Starting simulation(s) <==
==| Simulation(s) complete - final time: 491.4s |==
==> Starting simulation(s) <==
==| Simulation(s) complete - final time: 459.1s |==
==> Starting simulation(s) <==
==| Simulation(s) complete - final time: 427.26s |==
==> Starting simulation(s) <==
==| Simulation(s) complete - final time: 400.04s |==
==> Starting simulation(s) <==
==| Simulation(s) complete - final time: 379.52s |==
==> Starting simulation(s) <==
==| Simulation(s) complete - final time: 7.3s |==
==> Starting simulation(s) <==
==| Simulation(s) complete - final time: 7.42s |==
==> Starting simulation(s) <==
==| Simulation(s) complete - final time: 7.23s |==
==> Starting simulation(s) <==
==| Simulation(s) complete - final time: 7.54s |==
==> Starting simulation(s) <==
==| Simulation(s) complete - final time: 7.39s |==
==> Starting simulation(s) <==
==| Simulation(s) complete - final time: 7.32s |==
==> Starting simulation(s) <==
==| Simulation(s) complete - final time: 7.47s |==
==> Starting simulation(s) <==
==| Simulation(s) complete - final time: 7.81s |==
==> Starting simulation(s) <==
==| Simulation(s) complete - final time: 7.97s |==
==> Starting simulation(s) <==
==| Simulation(s) complete - final time: 8.84s |==
==> Starting simulation(s) <==
==| Simulation(s) complete - final time: 9.21s |==
==> Starting simulation(s) <==
==| Simulation(s) complete - final time: 78.4s |==
==> Starting simulation(s) <==
==| Simulation(s) complete - final time: 15.49s |==
==> Starting simulation(s) <==
==| Simulation(s) complete - final time: 77.23s |==
==> Starting simulation(s) <==
==| Simulation(s) complete - final time: 353.99s |==
==> Starting simulation(s) <==
==| Simulation(s) complete - final time: 443.51s |==
==> Starting simulation(s) <==
==| Simulation(s) complete - final time: 567.98s |==
==> Starting simulation(s) <==
==| Simulation(s) complete - final time: 543.41s |==
==> Starting simulation(s) <==
==| Simulation(s) complete - final time: 541.23s |==
==> Starting simulation(s) <==
==| Simulation(s) complete - final time: 496.7s |==
==> Starting simulation(s) <==
==| Simulation(s) complete - final time: 452.41s |==
==> Starting simulation(s) <==
==| Simulation(s) complete - final time: 433.86s |==
==> Starting simulation(s) <==
==| Simulation(s) complete - final time: 406.31s |==
==> Starting simulation(s) <==
==| Simulation(s) complete - final time: 390.75s |==
==> Starting simulation(s) <==
==| Simulation(s) complete - final time: 362.33s |==
==> Starting simulation(s) <==
==| Simulation(s) complete - final time: 6.74s |==
==> Starting simulation(s) <==
==| Simulation(s) complete - final time: 6.37s |==
==> Starting simulation(s) <==
==| Simulation(s) complete - final time: 6.62s |==
==> Starting simulation(s) <==
==| Simulation(s) complete - final time: 6.83s |==
==> Starting simulation(s) <==
==| Simulation(s) complete - final time: 6.79s |==
==> Starting simulation(s) <==
==| Simulation(s) complete - final time: 6.86s |==
==> Starting simulation(s) <==
==| Simulation(s) complete - final time: 6.88s |==
==> Starting simulation(s) <==
==| Simulation(s) complete - final time: 6.49s |==
==> Starting simulation(s) <==
==| Simulation(s) complete - final time: 7.25s |==
==> Starting simulation(s) <==
==| Simulation(s) complete - final time: 8.24s |==
==> Starting simulation(s) <==
==| Simulation(s) complete - final time: 8.27s |==
==> Starting simulation(s) <==
==| Simulation(s) complete - final time: 9.57s |==
==> Starting simulation(s) <==
==| Simulation(s) complete - final time: 15.67s |==
==> Starting simulation(s) <==
==| Simulation(s) complete - final time: 80.09s |==
==> Starting simulation(s) <==
==| Simulation(s) complete - final time: 363.15s |==
==> Starting simulation(s) <==
==| Simulation(s) complete - final time: 502.53s |==
==> Starting simulation(s) <==
==| Simulation(s) complete - final time: 597.96s |==
==> Starting simulation(s) <==
==| Simulation(s) complete - final time: 542.72s |==
==> Starting simulation(s) <==
==| Simulation(s) complete - final time: 485.69s |==
==> Starting simulation(s) <==
==| Simulation(s) complete - final time: 486.35s |==
==> Starting simulation(s) <==
==| Simulation(s) complete - final time: 481.53s |==
==> Starting simulation(s) <==
==| Simulation(s) complete - final time: 443.03s |==
==> Starting simulation(s) <==
==| Simulation(s) complete - final time: 435.82s |==
==> Starting simulation(s) <==
==| Simulation(s) complete - final time: 391.38s |==
==> Starting simulation(s) <==
==| Simulation(s) complete - final time: 381.61s |==
==> Starting simulation(s) <==
==| Simulation(s) complete - final time: 11.77s |==
==> Starting simulation(s) <==
==| Simulation(s) complete - final time: 6.76s |==
==> Starting simulation(s) <==
==| Simulation(s) complete - final time: 6.9s |==
==> Starting simulation(s) <==
==| Simulation(s) complete - final time: 6.85s |==
==> Starting simulation(s) <==
==| Simulation(s) complete - final time: 6.99s |==
==> Starting simulation(s) <==
==| Simulation(s) complete - final time: 7.05s |==
==> Starting simulation(s) <==
==| Simulation(s) complete - final time: 7.22s |==
==> Starting simulation(s) <==
==| Simulation(s) complete - final time: 7.42s |==
==> Starting simulation(s) <==
==| Simulation(s) complete - final time: 7.56s |==
==> Starting simulation(s) <==
==| Simulation(s) complete - final time: 8.16s |==
==> Starting simulation(s) <==
==| Simulation(s) complete - final time: 8.18s |==
==> Starting simulation(s) <==
==| Simulation(s) complete - final time: 70.48s |==
==> Starting simulation(s) <==
==| Simulation(s) complete - final time: 62.12s |==
==> Starting simulation(s) <==
==| Simulation(s) complete - final time: 118.03s |==
==> Starting simulation(s) <==
==| Simulation(s) complete - final time: 299.96s |==
==> Starting simulation(s) <==
==| Simulation(s) complete - final time: 522.4s |==
==> Starting simulation(s) <==
==| Simulation(s) complete - final time: 520.56s |==
==> Starting simulation(s) <==
==| Simulation(s) complete - final time: 514.22s |==
==> Starting simulation(s) <==
==| Simulation(s) complete - final time: 487.1s |==
==> Starting simulation(s) <==
==| Simulation(s) complete - final time: 476.23s |==
==> Starting simulation(s) <==
==| Simulation(s) complete - final time: 440.86s |==
==> Starting simulation(s) <==
==| Simulation(s) complete - final time: 443.94s |==
==> Starting simulation(s) <==
==| Simulation(s) complete - final time: 414.91s |==
==> Starting simulation(s) <==
==| Simulation(s) complete - final time: 388.18s |==
==> Starting simulation(s) <==
==| Simulation(s) complete - final time: 362.36s |==
==> Starting simulation(s) <==
==| Simulation(s) complete - final time: 6.64s |==
==> Starting simulation(s) <==
==| Simulation(s) complete - final time: 6.68s |==
==> Starting simulation(s) <==
==| Simulation(s) complete - final time: 6.38s |==
==> Starting simulation(s) <==
==| Simulation(s) complete - final time: 6.48s |==
==> Starting simulation(s) <==
==| Simulation(s) complete - final time: 6.76s |==
==> Starting simulation(s) <==
==| Simulation(s) complete - final time: 6.6s |==
==> Starting simulation(s) <==
==| Simulation(s) complete - final time: 6.58s |==
==> Starting simulation(s) <==
==| Simulation(s) complete - final time: 6.79s |==
==> Starting simulation(s) <==
==| Simulation(s) complete - final time: 7.62s |==
==> Starting simulation(s) <==
==| Simulation(s) complete - final time: 7.7s |==
==> Starting simulation(s) <==
==| Simulation(s) complete - final time: 8.24s |==
==> Starting simulation(s) <==
==| Simulation(s) complete - final time: 8.54s |==
==> Starting simulation(s) <==
==| Simulation(s) complete - final time: 71.35s |==
==> Starting simulation(s) <==
==| Simulation(s) complete - final time: 117.14s |==
==> Starting simulation(s) <==
==| Simulation(s) complete - final time: 325.92s |==
==> Starting simulation(s) <==
==| Simulation(s) complete - final time: 449s |==
==> Starting simulation(s) <==
==| Simulation(s) complete - final time: 504.07s |==
==> Starting simulation(s) <==
==| Simulation(s) complete - final time: 521.06s |==
==> Starting simulation(s) <==
==| Simulation(s) complete - final time: 531.78s |==
==> Starting simulation(s) <==
==| Simulation(s) complete - final time: 474.93s |==
==> Starting simulation(s) <==
==| Simulation(s) complete - final time: 441.6s |==
==> Starting simulation(s) <==
==| Simulation(s) complete - final time: 437.87s |==
==> Starting simulation(s) <==
==| Simulation(s) complete - final time: 405.28s |==
==> Starting simulation(s) <==
==| Simulation(s) complete - final time: 384.36s |==
==> Starting simulation(s) <==
==| Simulation(s) complete - final time: 364.67s |==
==> Starting simulation(s) <==
==| Simulation(s) complete - final time: 6.47s |==
==> Starting simulation(s) <==
==| Simulation(s) complete - final time: 6.35s |==
==> Starting simulation(s) <==
==| Simulation(s) complete - final time: 6.32s |==
==> Starting simulation(s) <==
==| Simulation(s) complete - final time: 6.18s |==
==> Starting simulation(s) <==
==| Simulation(s) complete - final time: 6.46s |==
==> Starting simulation(s) <==
==| Simulation(s) complete - final time: 6.37s |==
==> Starting simulation(s) <==
==| Simulation(s) complete - final time: 6.42s |==
==> Starting simulation(s) <==
==| Simulation(s) complete - final time: 6.69s |==
==> Starting simulation(s) <==
==| Simulation(s) complete - final time: 7.17s |==
==> Starting simulation(s) <==
==| Simulation(s) complete - final time: 64.6s |==
==> Starting simulation(s) <==
==| Simulation(s) complete - final time: 8.66s |==
==> Starting simulation(s) <==
==| Simulation(s) complete - final time: 10.81s |==
==> Starting simulation(s) <==
==| Simulation(s) complete - final time: 67.4s |==
==> Starting simulation(s) <==
==| Simulation(s) complete - final time: 111.95s |==
==> Starting simulation(s) <==
==| Simulation(s) complete - final time: 321.43s |==
==> Starting simulation(s) <==
==| Simulation(s) complete - final time: 444.33s |==
==> Starting simulation(s) <==
==| Simulation(s) complete - final time: 541.71s |==
==> Starting simulation(s) <==
==| Simulation(s) complete - final time: 517.27s |==
==> Starting simulation(s) <==
==| Simulation(s) complete - final time: 487.93s |==
==> Starting simulation(s) <==
==| Simulation(s) complete - final time: 490.36s |==
==> Starting simulation(s) <==
==| Simulation(s) complete - final time: 434.13s |==
==> Starting simulation(s) <==
==| Simulation(s) complete - final time: 438.42s |==
==> Starting simulation(s) <==
==| Simulation(s) complete - final time: 417.53s |==
==> Starting simulation(s) <==
==| Simulation(s) complete - final time: 389.5s |==
==> Starting simulation(s) <==
==| Simulation(s) complete - final time: 364.24s |==
==> Starting simulation(s) <==
==| Simulation(s) complete - final time: 6.37s |==
==> Starting simulation(s) <==
==| Simulation(s) complete - final time: 6.34s |==
==> Starting simulation(s) <==
==| Simulation(s) complete - final time: 6.3s |==
==> Starting simulation(s) <==
==| Simulation(s) complete - final time: 6.67s |==
==> Starting simulation(s) <==
==| Simulation(s) complete - final time: 6.57s |==
==> Starting simulation(s) <==
==| Simulation(s) complete - final time: 6.57s |==
==> Starting simulation(s) <==
==| Simulation(s) complete - final time: 6.57s |==
==> Starting simulation(s) <==
==| Simulation(s) complete - final time: 6.75s |==
==> Starting simulation(s) <==
==| Simulation(s) complete - final time: 7.12s |==
==> Starting simulation(s) <==
==| Simulation(s) complete - final time: 7.57s |==
==> Starting simulation(s) <==
==| Simulation(s) complete - final time: 7.74s |==
==> Starting simulation(s) <==
==| Simulation(s) complete - final time: 11.61s |==
==> Starting simulation(s) <==
==| Simulation(s) complete - final time: 66.84s |==
==> Starting simulation(s) <==
==| Simulation(s) complete - final time: 124.57s |==
==> Starting simulation(s) <==
==| Simulation(s) complete - final time: 282.99s |==
==> Starting simulation(s) <==
==| Simulation(s) complete - final time: 378.08s |==
==> Starting simulation(s) <==
==| Simulation(s) complete - final time: 478.36s |==
==> Starting simulation(s) <==
==| Simulation(s) complete - final time: 515.94s |==
==> Starting simulation(s) <==
==| Simulation(s) complete - final time: 518.6s |==
==> Starting simulation(s) <==
==| Simulation(s) complete - final time: 513.42s |==
==> Starting simulation(s) <==
==| Simulation(s) complete - final time: 476.41s |==
==> Starting simulation(s) <==
==| Simulation(s) complete - final time: 442.31s |==
==> Starting simulation(s) <==
==| Simulation(s) complete - final time: 403.35s |==
==> Starting simulation(s) <==
==| Simulation(s) complete - final time: 389.48s |==
==> Starting simulation(s) <==
==| Simulation(s) complete - final time: 363.75s |==
==> Starting simulation(s) <==
==| Simulation(s) complete - final time: 6.39s |==
==> Starting simulation(s) <==
==| Simulation(s) complete - final time: 6.49s |==
==> Starting simulation(s) <==
==| Simulation(s) complete - final time: 6.4s |==
==> Starting simulation(s) <==
==| Simulation(s) complete - final time: 6.42s |==
==> Starting simulation(s) <==
==| Simulation(s) complete - final time: 6.61s |==
==> Starting simulation(s) <==
==| Simulation(s) complete - final time: 6.39s |==
==> Starting simulation(s) <==
==| Simulation(s) complete - final time: 6.75s |==
==> Starting simulation(s) <==
==| Simulation(s) complete - final time: 6.92s |==
==> Starting simulation(s) <==
==| Simulation(s) complete - final time: 7.19s |==
==> Starting simulation(s) <==
==| Simulation(s) complete - final time: 7.25s |==
==> Starting simulation(s) <==
==| Simulation(s) complete - final time: 8.26s |==
==> Starting simulation(s) <==
==| Simulation(s) complete - final time: 57.7s |==
==> Starting simulation(s) <==
==| Simulation(s) complete - final time: 66.16s |==
==> Starting simulation(s) <==
==| Simulation(s) complete - final time: 162.43s |==
==> Starting simulation(s) <==
==| Simulation(s) complete - final time: 300.88s |==
==> Starting simulation(s) <==
==| Simulation(s) complete - final time: 398.24s |==
==> Starting simulation(s) <==
==| Simulation(s) complete - final time: 455.93s |==
==> Starting simulation(s) <==
==| Simulation(s) complete - final time: 548.44s |==
==> Starting simulation(s) <==
==| Simulation(s) complete - final time: 515.06s |==
==> Starting simulation(s) <==
==| Simulation(s) complete - final time: 470.41s |==
==> Starting simulation(s) <==
==| Simulation(s) complete - final time: 478.8s |==
==> Starting simulation(s) <==
==| Simulation(s) complete - final time: 443.82s |==
==> Starting simulation(s) <==
==| Simulation(s) complete - final time: 414.07s |==
==> Starting simulation(s) <==
==| Simulation(s) complete - final time: 385.09s |==
==> Starting simulation(s) <==
==| Simulation(s) complete - final time: 357.41s |==
==> Starting simulation(s) <==
==| Simulation(s) complete - final time: 6.37s |==
==> Starting simulation(s) <==
==| Simulation(s) complete - final time: 6.19s |==
==> Starting simulation(s) <==
==| Simulation(s) complete - final time: 6.32s |==
==> Starting simulation(s) <==
==| Simulation(s) complete - final time: 6.27s |==
==> Starting simulation(s) <==
==| Simulation(s) complete - final time: 6.41s |==
==> Starting simulation(s) <==
==| Simulation(s) complete - final time: 6.52s |==
==> Starting simulation(s) <==
==| Simulation(s) complete - final time: 6.59s |==
==> Starting simulation(s) <==
==| Simulation(s) complete - final time: 6.72s |==
==> Starting simulation(s) <==
==| Simulation(s) complete - final time: 7.13s |==
==> Starting simulation(s) <==
==| Simulation(s) complete - final time: 7.77s |==
==> Starting simulation(s) <==
==| Simulation(s) complete - final time: 8.58s |==
==> Starting simulation(s) <==
==| Simulation(s) complete - final time: 57.77s |==
==> Starting simulation(s) <==
==| Simulation(s) complete - final time: 40.62s |==
==> Starting simulation(s) <==
==| Simulation(s) complete - final time: 147.97s |==
==> Starting simulation(s) <==
==| Simulation(s) complete - final time: 237.44s |==
==> Starting simulation(s) <==
==| Simulation(s) complete - final time: 320.7s |==
==> Starting simulation(s) <==
==| Simulation(s) complete - final time: 428.92s |==
==> Starting simulation(s) <==
==| Simulation(s) complete - final time: 458.44s |==
==> Starting simulation(s) <==
==| Simulation(s) complete - final time: 453.34s |==
==> Starting simulation(s) <==
==| Simulation(s) complete - final time: 467.71s |==
==> Starting simulation(s) <==
==| Simulation(s) complete - final time: 486.35s |==
==> Starting simulation(s) <==
==| Simulation(s) complete - final time: 447.52s |==
==> Starting simulation(s) <==
==| Simulation(s) complete - final time: 413.09s |==
==> Starting simulation(s) <==
==| Simulation(s) complete - final time: 396.41s |==
==> Starting simulation(s) <==
==| Simulation(s) complete - final time: 363.93s |==
==> Starting simulation(s) <==
==| Simulation(s) complete - final time: 42.16s |==
==> Starting simulation(s) <==
==| Simulation(s) complete - final time: 6.46s |==
==> Starting simulation(s) <==
==| Simulation(s) complete - final time: 6.49s |==
==> Starting simulation(s) <==
==| Simulation(s) complete - final time: 6.43s |==
==> Starting simulation(s) <==
==| Simulation(s) complete - final time: 6.47s |==
==> Starting simulation(s) <==
==| Simulation(s) complete - final time: 6.89s |==
==> Starting simulation(s) <==
==| Simulation(s) complete - final time: 6.68s |==
==> Starting simulation(s) <==
==| Simulation(s) complete - final time: 6.85s |==
==> Starting simulation(s) <==
==| Simulation(s) complete - final time: 51.66s |==
==> Starting simulation(s) <==
==| Simulation(s) complete - final time: 8.3s |==
==> Starting simulation(s) <==
==| Simulation(s) complete - final time: 50.14s |==
==> Starting simulation(s) <==
==| Simulation(s) complete - final time: 57.84s |==
==> Starting simulation(s) <==
==| Simulation(s) complete - final time: 62.64s |==
==> Starting simulation(s) <==
==| Simulation(s) complete - final time: 171.24s |==
==> Starting simulation(s) <==
==| Simulation(s) complete - final time: 284.31s |==
==> Starting simulation(s) <==
==| Simulation(s) complete - final time: 339.48s |==
==> Starting simulation(s) <==
==| Simulation(s) complete - final time: 346.62s |==
==> Starting simulation(s) <==
==| Simulation(s) complete - final time: 456.1s |==
==> Starting simulation(s) <==
==| Simulation(s) complete - final time: 489.31s |==
==> Starting simulation(s) <==
==| Simulation(s) complete - final time: 468.71s |==
==> Starting simulation(s) <==
==| Simulation(s) complete - final time: 448.01s |==
==> Starting simulation(s) <==
==| Simulation(s) complete - final time: 441.65s |==
==> Starting simulation(s) <==
==| Simulation(s) complete - final time: 418.77s |==
==> Starting simulation(s) <==
==| Simulation(s) complete - final time: 383.39s |==
==> Starting simulation(s) <==
==| Simulation(s) complete - final time: 366.42s |==
==> Starting simulation(s) <==
==| Simulation(s) complete - final time: 12.19s |==
==> Starting simulation(s) <==
==| Simulation(s) complete - final time: 6.94s |==
==> Starting simulation(s) <==
==| Simulation(s) complete - final time: 6.78s |==
==> Starting simulation(s) <==
==| Simulation(s) complete - final time: 6.94s |==
==> Starting simulation(s) <==
==| Simulation(s) complete - final time: 7.21s |==
==> Starting simulation(s) <==
==| Simulation(s) complete - final time: 7.1s |==
==> Starting simulation(s) <==
==| Simulation(s) complete - final time: 6.79s |==
==> Starting simulation(s) <==
==| Simulation(s) complete - final time: 6.83s |==
==> Starting simulation(s) <==
==| Simulation(s) complete - final time: 52.79s |==
==> Starting simulation(s) <==
==| Simulation(s) complete - final time: 7.49s |==
==> Starting simulation(s) <==
==| Simulation(s) complete - final time: 8.54s |==
==> Starting simulation(s) <==
==| Simulation(s) complete - final time: 59.1s |==
==> Starting simulation(s) <==
==| Simulation(s) complete - final time: 62.4s |==
==> Starting simulation(s) <==
==| Simulation(s) complete - final time: 167.03s |==
==> Starting simulation(s) <==
==| Simulation(s) complete - final time: 251.02s |==
==> Starting simulation(s) <==
==| Simulation(s) complete - final time: 313.04s |==
==> Starting simulation(s) <==
==| Simulation(s) complete - final time: 399.16s |==
==> Starting simulation(s) <==
==| Simulation(s) complete - final time: 430s |==
==> Starting simulation(s) <==
==| Simulation(s) complete - final time: 495.97s |==
==> Starting simulation(s) <==
==| Simulation(s) complete - final time: 471.15s |==
==> Starting simulation(s) <==
==| Simulation(s) complete - final time: 482.37s |==
==> Starting simulation(s) <==
==| Simulation(s) complete - final time: 442.87s |==
==> Starting simulation(s) <==
==| Simulation(s) complete - final time: 417.54s |==
==> Starting simulation(s) <==
==| Simulation(s) complete - final time: 389.27s |==
==> Starting simulation(s) <==
==| Simulation(s) complete - final time: 365.16s |==
==> Starting simulation(s) <==
==| Simulation(s) complete - final time: 11.7s |==
==> Starting simulation(s) <==
==| Simulation(s) complete - final time: 6.35s |==
==> Starting simulation(s) <==
==| Simulation(s) complete - final time: 6.6s |==
==> Starting simulation(s) <==
==| Simulation(s) complete - final time: 6.43s |==
==> Starting simulation(s) <==
==| Simulation(s) complete - final time: 6.49s |==
==> Starting simulation(s) <==
==| Simulation(s) complete - final time: 6.76s |==
==> Starting simulation(s) <==
==| Simulation(s) complete - final time: 6.77s |==
==> Starting simulation(s) <==
==| Simulation(s) complete - final time: 7.33s |==
==> Starting simulation(s) <==
==| Simulation(s) complete - final time: 48.02s |==
==> Starting simulation(s) <==
==| Simulation(s) complete - final time: 7.68s |==
==> Starting simulation(s) <==
==| Simulation(s) complete - final time: 8.14s |==
==> Starting simulation(s) <==
==| Simulation(s) complete - final time: 51.73s |==
==> Starting simulation(s) <==
==| Simulation(s) complete - final time: 93.04s |==
==> Starting simulation(s) <==
==| Simulation(s) complete - final time: 155.89s |==
==> Starting simulation(s) <==
==| Simulation(s) complete - final time: 213.12s |==
==> Starting simulation(s) <==
==| Simulation(s) complete - final time: 290.63s |==
==> Starting simulation(s) <==
==| Simulation(s) complete - final time: 428.67s |==
==> Starting simulation(s) <==
==| Simulation(s) complete - final time: 435.53s |==
==> Starting simulation(s) <==
==| Simulation(s) complete - final time: 428.53s |==
==> Starting simulation(s) <==
==| Simulation(s) complete - final time: 461.8s |==
==> Starting simulation(s) <==
==| Simulation(s) complete - final time: 477.23s |==
==> Starting simulation(s) <==
==| Simulation(s) complete - final time: 447.85s |==
==> Starting simulation(s) <==
==| Simulation(s) complete - final time: 422.15s |==
==> Starting simulation(s) <==
==| Simulation(s) complete - final time: 395.27s |==
==> Starting simulation(s) <==
==| Simulation(s) complete - final time: 366.89s |==
==> Starting simulation(s) <==
==| Simulation(s) complete - final time: 6.46s |==
==> Starting simulation(s) <==
==| Simulation(s) complete - final time: 6.74s |==
==> Starting simulation(s) <==
==| Simulation(s) complete - final time: 6.63s |==
==> Starting simulation(s) <==
==| Simulation(s) complete - final time: 6.54s |==
==> Starting simulation(s) <==
==| Simulation(s) complete - final time: 6.71s |==
==> Starting simulation(s) <==
==| Simulation(s) complete - final time: 6.76s |==
==> Starting simulation(s) <==
==| Simulation(s) complete - final time: 7.2s |==
==> Starting simulation(s) <==
==| Simulation(s) complete - final time: 7.03s |==
==> Starting simulation(s) <==
==| Simulation(s) complete - final time: 7.44s |==
==> Starting simulation(s) <==
==| Simulation(s) complete - final time: 7.54s |==
==> Starting simulation(s) <==
==| Simulation(s) complete - final time: 50.38s |==
==> Starting simulation(s) <==
==| Simulation(s) complete - final time: 52.61s |==
==> Starting simulation(s) <==
==| Simulation(s) complete - final time: 55.59s |==
==> Starting simulation(s) <==
==| Simulation(s) complete - final time: 115.67s |==
==> Starting simulation(s) <==
==| Simulation(s) complete - final time: 233.14s |==
==> Starting simulation(s) <==
==| Simulation(s) complete - final time: 237.1s |==
==> Starting simulation(s) <==
==| Simulation(s) complete - final time: 361.48s |==
==> Starting simulation(s) <==
==| Simulation(s) complete - final time: 420.17s |==
==> Starting simulation(s) <==
==| Simulation(s) complete - final time: 451.14s |==
==> Starting simulation(s) <==
==| Simulation(s) complete - final time: 458.87s |==
==> Starting simulation(s) <==
==| Simulation(s) complete - final time: 472.32s |==
==> Starting simulation(s) <==
==| Simulation(s) complete - final time: 458.68s |==
==> Starting simulation(s) <==
==| Simulation(s) complete - final time: 431.61s |==
==> Starting simulation(s) <==
==| Simulation(s) complete - final time: 402.79s |==
==> Starting simulation(s) <==
==| Simulation(s) complete - final time: 375.31s |==
==> Starting simulation(s) <==
==| Simulation(s) complete - final time: 6.82s |==
==> Starting simulation(s) <==
==| Simulation(s) complete - final time: 6.6s |==
==> Starting simulation(s) <==
==| Simulation(s) complete - final time: 6.82s |==
==> Starting simulation(s) <==
==| Simulation(s) complete - final time: 6.98s |==
==> Starting simulation(s) <==
==| Simulation(s) complete - final time: 7.15s |==
==> Starting simulation(s) <==
==| Simulation(s) complete - final time: 6.92s |==
==> Starting simulation(s) <==
==| Simulation(s) complete - final time: 7.02s |==
==> Starting simulation(s) <==
==| Simulation(s) complete - final time: 7.14s |==
==> Starting simulation(s) <==
==| Simulation(s) complete - final time: 7.24s |==
==> Starting simulation(s) <==
==| Simulation(s) complete - final time: 7.69s |==
==> Starting simulation(s) <==
==| Simulation(s) complete - final time: 8.57s |==
==> Starting simulation(s) <==
==| Simulation(s) complete - final time: 44.61s |==
==> Starting simulation(s) <==
==| Simulation(s) complete - final time: 51.87s |==
==> Starting simulation(s) <==
==| Simulation(s) complete - final time: 120.51s |==
==> Starting simulation(s) <==
==| Simulation(s) complete - final time: 158.85s |==
==> Starting simulation(s) <==
==| Simulation(s) complete - final time: 254.2s |==
==> Starting simulation(s) <==
==| Simulation(s) complete - final time: 337.99s |==
==> Starting simulation(s) <==
==| Simulation(s) complete - final time: 373.14s |==
==> Starting simulation(s) <==
==| Simulation(s) complete - final time: 413.82s |==
==> Starting simulation(s) <==
==| Simulation(s) complete - final time: 409.51s |==
==> Starting simulation(s) <==
==| Simulation(s) complete - final time: 441.92s |==
==> Starting simulation(s) <==
==| Simulation(s) complete - final time: 460.85s |==
==> Starting simulation(s) <==
==| Simulation(s) complete - final time: 430.08s |==
==> Starting simulation(s) <==
==| Simulation(s) complete - final time: 407.64s |==
==> Starting simulation(s) <==
==| Simulation(s) complete - final time: 384.66s |==
==> Starting simulation(s) <==
==| Simulation(s) complete - final time: 6.76s |==
==> Starting simulation(s) <==
==| Simulation(s) complete - final time: 6.89s |==
==> Starting simulation(s) <==
==| Simulation(s) complete - final time: 6.62s |==
==> Starting simulation(s) <==
==| Simulation(s) complete - final time: 6.65s |==
==> Starting simulation(s) <==
==| Simulation(s) complete - final time: 7.13s |==
==> Starting simulation(s) <==
==| Simulation(s) complete - final time: 7.05s |==
==> Starting simulation(s) <==
==| Simulation(s) complete - final time: 6.96s |==
==> Starting simulation(s) <==
==| Simulation(s) complete - final time: 46.5s |==
==> Starting simulation(s) <==
==| Simulation(s) complete - final time: 49.71s |==
==> Starting simulation(s) <==
==| Simulation(s) complete - final time: 47.47s |==
==> Starting simulation(s) <==
==| Simulation(s) complete - final time: 49.82s |==
==> Starting simulation(s) <==
==| Simulation(s) complete - final time: 51.89s |==
==> Starting simulation(s) <==
==| Simulation(s) complete - final time: 93.87s |==
==> Starting simulation(s) <==
==| Simulation(s) complete - final time: 100.88s |==
==> Starting simulation(s) <==
==| Simulation(s) complete - final time: 145.15s |==
==> Starting simulation(s) <==
==| Simulation(s) complete - final time: 218.39s |==
==> Starting simulation(s) <==
==| Simulation(s) complete - final time: 321.28s |==
==> Starting simulation(s) <==
==| Simulation(s) complete - final time: 355.26s |==
==> Starting simulation(s) <==
==| Simulation(s) complete - final time: 391.11s |==
==> Starting simulation(s) <==
==| Simulation(s) complete - final time: 450.59s |==
==> Starting simulation(s) <==
==| Simulation(s) complete - final time: 450.59s |==
==> Starting simulation(s) <==
==| Simulation(s) complete - final time: 458.56s |==
==> Starting simulation(s) <==
==| Simulation(s) complete - final time: 442.41s |==
==> Starting simulation(s) <==
==| Simulation(s) complete - final time: 423.49s |==
==> Starting simulation(s) <==
==| Simulation(s) complete - final time: 395.95s |==
==> Starting simulation(s) <==
==| Simulation(s) complete - final time: 6.76s |==
==> Starting simulation(s) <==
==| Simulation(s) complete - final time: 6.9s |==
==> Starting simulation(s) <==
==| Simulation(s) complete - final time: 6.63s |==
==> Starting simulation(s) <==
==| Simulation(s) complete - final time: 47.36s |==
==> Starting simulation(s) <==
==| Simulation(s) complete - final time: 6.68s |==
==> Starting simulation(s) <==
==| Simulation(s) complete - final time: 7.15s |==
==> Starting simulation(s) <==
==| Simulation(s) complete - final time: 7.06s |==
==> Starting simulation(s) <==
==| Simulation(s) complete - final time: 9.04s |==
==> Starting simulation(s) <==
==| Simulation(s) complete - final time: 45.03s |==
==> Starting simulation(s) <==
==| Simulation(s) complete - final time: 49.26s |==
==> Starting simulation(s) <==
==| Simulation(s) complete - final time: 49.65s |==
==> Starting simulation(s) <==
==| Simulation(s) complete - final time: 51.92s |==
==> Starting simulation(s) <==
==| Simulation(s) complete - final time: 59.36s |==
==> Starting simulation(s) <==
==| Simulation(s) complete - final time: 98s |==
==> Starting simulation(s) <==
==| Simulation(s) complete - final time: 160.24s |==
==> Starting simulation(s) <==
==| Simulation(s) complete - final time: 155.99s |==
==> Starting simulation(s) <==
==| Simulation(s) complete - final time: 286.36s |==
==> Starting simulation(s) <==
==| Simulation(s) complete - final time: 348.82s |==
==> Starting simulation(s) <==
==| Simulation(s) complete - final time: 413.48s |==
==> Starting simulation(s) <==
==| Simulation(s) complete - final time: 445.07s |==
==> Starting simulation(s) <==
==| Simulation(s) complete - final time: 518.07s |==
==> Starting simulation(s) <==
==| Simulation(s) complete - final time: 479.67s |==
==> Starting simulation(s) <==
==| Simulation(s) complete - final time: 462.51s |==
==> Starting simulation(s) <==
==| Simulation(s) complete - final time: 449.36s |==
==> Starting simulation(s) <==
==| Simulation(s) complete - final time: 402.63s |==
==> Starting simulation(s) <==
==| Simulation(s) complete - final time: 6.87s |==
==> Starting simulation(s) <==
==| Simulation(s) complete - final time: 6.52s |==
==> Starting simulation(s) <==
==| Simulation(s) complete - final time: 6.74s |==
==> Starting simulation(s) <==
==| Simulation(s) complete - final time: 6.76s |==
==> Starting simulation(s) <==
==| Simulation(s) complete - final time: 6.75s |==
==> Starting simulation(s) <==
==| Simulation(s) complete - final time: 7.15s |==
==> Starting simulation(s) <==
==| Simulation(s) complete - final time: 7.01s |==
==> Starting simulation(s) <==
==| Simulation(s) complete - final time: 7.01s |==
==> Starting simulation(s) <==
==| Simulation(s) complete - final time: 7.6s |==
==> Starting simulation(s) <==
==| Simulation(s) complete - final time: 7.88s |==
==> Starting simulation(s) <==
==| Simulation(s) complete - final time: 54.82s |==
==> Starting simulation(s) <==
==| Simulation(s) complete - final time: 56.27s |==
==> Starting simulation(s) <==
==| Simulation(s) complete - final time: 53.54s |==
==> Starting simulation(s) <==
==| Simulation(s) complete - final time: 63.04s |==
==> Starting simulation(s) <==
==| Simulation(s) complete - final time: 103.56s |==
==> Starting simulation(s) <==
==| Simulation(s) complete - final time: 214.8s |==
==> Starting simulation(s) <==
==| Simulation(s) complete - final time: 265.95s |==
==> Starting simulation(s) <==
==| Simulation(s) complete - final time: 328.33s |==
==> Starting simulation(s) <==
==| Simulation(s) complete - final time: 390.73s |==
==> Starting simulation(s) <==
==| Simulation(s) complete - final time: 491.73s |==
==> Starting simulation(s) <==
==| Simulation(s) complete - final time: 493.28s |==
==> Starting simulation(s) <==
==| Simulation(s) complete - final time: 518.76s |==
==> Starting simulation(s) <==
==| Simulation(s) complete - final time: 501.93s |==
==> Starting simulation(s) <==
==| Simulation(s) complete - final time: 461.67s |==
==> Starting simulation(s) <==
==| Simulation(s) complete - final time: 422.1s |==
==> Starting simulation(s) <==
==| Simulation(s) complete - final time: 6.83s |==
==> Starting simulation(s) <==
==| Simulation(s) complete - final time: 6.82s |==
==> Starting simulation(s) <==
==| Simulation(s) complete - final time: 6.87s |==
==> Starting simulation(s) <==
==| Simulation(s) complete - final time: 6.81s |==
==> Starting simulation(s) <==
==| Simulation(s) complete - final time: 6.73s |==
==> Starting simulation(s) <==
==| Simulation(s) complete - final time: 6.93s |==
==> Starting simulation(s) <==
==| Simulation(s) complete - final time: 6.78s |==
==> Starting simulation(s) <==
==| Simulation(s) complete - final time: 58.44s |==
==> Starting simulation(s) <==
==| Simulation(s) complete - final time: 36.93s |==
==> Starting simulation(s) <==
==| Simulation(s) complete - final time: 7.03s |==
==> Starting simulation(s) <==
==| Simulation(s) complete - final time: 67.34s |==
==> Starting simulation(s) <==
==| Simulation(s) complete - final time: 55.45s |==
==> Starting simulation(s) <==
==| Simulation(s) complete - final time: 67.64s |==
==> Starting simulation(s) <==
==| Simulation(s) complete - final time: 65.1s |==
==> Starting simulation(s) <==
==| Simulation(s) complete - final time: 67.82s |==
==> Starting simulation(s) <==
==| Simulation(s) complete - final time: 126.21s |==
==> Starting simulation(s) <==
==| Simulation(s) complete - final time: 179.66s |==
==> Starting simulation(s) <==
==| Simulation(s) complete - final time: 248.63s |==
==> Starting simulation(s) <==
==| Simulation(s) complete - final time: 411.98s |==
==> Starting simulation(s) <==
==| Simulation(s) complete - final time: 480.36s |==
==> Starting simulation(s) <==
==| Simulation(s) complete - final time: 535.68s |==
==> Starting simulation(s) <==
==| Simulation(s) complete - final time: 578.52s |==
==> Starting simulation(s) <==
==| Simulation(s) complete - final time: 563.1s |==
==> Starting simulation(s) <==
==| Simulation(s) complete - final time: 526.59s |==
==> Starting simulation(s) <==
==| Simulation(s) complete - final time: 469.06s |==
==> Starting simulation(s) <==
==| Simulation(s) complete - final time: 11.89s |==
==> Starting simulation(s) <==
==| Simulation(s) complete - final time: 6.96s |==
==> Starting simulation(s) <==
==| Simulation(s) complete - final time: 6.93s |==
==> Starting simulation(s) <==
==| Simulation(s) complete - final time: 6.86s |==
==> Starting simulation(s) <==
==| Simulation(s) complete - final time: 6.66s |==
==> Starting simulation(s) <==
==| Simulation(s) complete - final time: 7.03s |==
==> Starting simulation(s) <==
==| Simulation(s) complete - final time: 7.09s |==
==> Starting simulation(s) <==
==| Simulation(s) complete - final time: 7.61s |==
==> Starting simulation(s) <==
==| Simulation(s) complete - final time: 67.18s |==
==> Starting simulation(s) <==
==| Simulation(s) complete - final time: 7.05s |==
==> Starting simulation(s) <==
==| Simulation(s) complete - final time: 7.8s |==
==> Starting simulation(s) <==
==| Simulation(s) complete - final time: 85.05s |==
==> Starting simulation(s) <==
==| Simulation(s) complete - final time: 14.14s |==
==> Starting simulation(s) <==
==| Simulation(s) complete - final time: 78.33s |==
==> Starting simulation(s) <==
==| Simulation(s) complete - final time: 83.15s |==
==> Starting simulation(s) <==
==| Simulation(s) complete - final time: 101.26s |==
==> Starting simulation(s) <==
==| Simulation(s) complete - final time: 160.85s |==
==> Starting simulation(s) <==
==| Simulation(s) complete - final time: 231.27s |==
==> Starting simulation(s) <==
==| Simulation(s) complete - final time: 295.82s |==
==> Starting simulation(s) <==
==| Simulation(s) complete - final time: 481.69s |==
==> Starting simulation(s) <==
==| Simulation(s) complete - final time: 604.21s |==
==> Starting simulation(s) <==
==| Simulation(s) complete - final time: 713.76s |==
==> Starting simulation(s) <==
==| Simulation(s) complete - final time: 671.59s |==
==> Starting simulation(s) <==
==| Simulation(s) complete - final time: 621.44s |==
==> Starting simulation(s) <==
==| Simulation(s) complete - final time: 537.02s |==
==> Starting simulation(s) <==
==| Simulation(s) complete - final time: 6.92s |==
==> Starting simulation(s) <==
==| Simulation(s) complete - final time: 6.48s |==
==> Starting simulation(s) <==
==| Simulation(s) complete - final time: 6.72s |==
==> Starting simulation(s) <==
==| Simulation(s) complete - final time: 6.57s |==
==> Starting simulation(s) <==
==| Simulation(s) complete - final time: 6.74s |==
==> Starting simulation(s) <==
==| Simulation(s) complete - final time: 6.66s |==
==> Starting simulation(s) <==
==| Simulation(s) complete - final time: 7.13s |==
==> Starting simulation(s) <==
==| Simulation(s) complete - final time: 7.06s |==
==> Starting simulation(s) <==
==| Simulation(s) complete - final time: 6.9s |==
==> Starting simulation(s) <==
==| Simulation(s) complete - final time: 7.1s |==
==> Starting simulation(s) <==
==| Simulation(s) complete - final time: 7.38s |==
==> Starting simulation(s) <==
==| Simulation(s) complete - final time: 7.56s |==
==> Starting simulation(s) <==
==| Simulation(s) complete - final time: 7.77s |==
==> Starting simulation(s) <==
==| Simulation(s) complete - final time: 56.97s |==
==> Starting simulation(s) <==
==| Simulation(s) complete - final time: 69.81s |==
==> Starting simulation(s) <==
==| Simulation(s) complete - final time: 8.87s |==
==> Starting simulation(s) <==
==| Simulation(s) complete - final time: 68.89s |==
==> Starting simulation(s) <==
==| Simulation(s) complete - final time: 83.1s |==
==> Starting simulation(s) <==
==| Simulation(s) complete - final time: 104.05s |==
==> Starting simulation(s) <==
==| Simulation(s) complete - final time: 259.74s |==
==> Starting simulation(s) <==
==| Simulation(s) complete - final time: 435.93s |==
==> Starting simulation(s) <==
==| Simulation(s) complete - final time: 813.87s |==
==> Starting simulation(s) <==
==| Simulation(s) complete - final time: 893.13s |==
==> Starting simulation(s) <==
==| Simulation(s) complete - final time: 833.08s |==
==> Starting simulation(s) <==
==| Simulation(s) complete - final time: 664.35s |==
==> Starting simulation(s) <==
==| Simulation(s) complete - final time: 11.96s |==
==> Starting simulation(s) <==
==| Simulation(s) complete - final time: 6.6s |==
==> Starting simulation(s) <==
==| Simulation(s) complete - final time: 6.72s |==
==> Starting simulation(s) <==
==| Simulation(s) complete - final time: 6.89s |==
==> Starting simulation(s) <==
==| Simulation(s) complete - final time: 6.56s |==
==> Starting simulation(s) <==
==| Simulation(s) complete - final time: 6.43s |==
==> Starting simulation(s) <==
==| Simulation(s) complete - final time: 6.63s |==
==> Starting simulation(s) <==
==| Simulation(s) complete - final time: 6.71s |==
==> Starting simulation(s) <==
==| Simulation(s) complete - final time: 6.75s |==
==> Starting simulation(s) <==
==| Simulation(s) complete - final time: 6.98s |==
==> Starting simulation(s) <==
==| Simulation(s) complete - final time: 6.99s |==
==> Starting simulation(s) <==
==| Simulation(s) complete - final time: 6.93s |==
==> Starting simulation(s) <==
==| Simulation(s) complete - final time: 7.6s |==
==> Starting simulation(s) <==
==| Simulation(s) complete - final time: 7.43s |==
==> Starting simulation(s) <==
==| Simulation(s) complete - final time: 8.19s |==
==> Starting simulation(s) <==
==| Simulation(s) complete - final time: 8.15s |==
==> Starting simulation(s) <==
==| Simulation(s) complete - final time: 8.55s |==
==> Starting simulation(s) <==
==| Simulation(s) complete - final time: 9.44s |==
==> Starting simulation(s) <==
==| Simulation(s) complete - final time: 10.24s |==
==> Starting simulation(s) <==
==| Simulation(s) complete - final time: 15.24s |==
==> Starting simulation(s) <==
==| Simulation(s) complete - final time: 31.95s |==
==> Starting simulation(s) <==
==| Simulation(s) complete - final time: 87.27s |==
==> Starting simulation(s) <==
==| Simulation(s) complete - final time: 426.83s |==
==> Starting simulation(s) <==
==| Simulation(s) complete - final time: 1049.45s |==
==> Starting simulation(s) <==
==| Simulation(s) complete - final time: 959.52s |==
==> Starting simulation(s) <==
==| Simulation(s) complete - final time: 6.39s |==
==> Starting simulation(s) <==
==| Simulation(s) complete - final time: 5.92s |==
==> Starting simulation(s) <==
==| Simulation(s) complete - final time: 6.04s |==
==> Starting simulation(s) <==
==| Simulation(s) complete - final time: 5.95s |==
==> Starting simulation(s) <==
==| Simulation(s) complete - final time: 5.85s |==
==> Starting simulation(s) <==
==| Simulation(s) complete - final time: 6.11s |==
==> Starting simulation(s) <==
==| Simulation(s) complete - final time: 5.86s |==
==> Starting simulation(s) <==
==| Simulation(s) complete - final time: 6.22s |==
==> Starting simulation(s) <==
==| Simulation(s) complete - final time: 6s |==
==> Starting simulation(s) <==
==| Simulation(s) complete - final time: 5.79s |==
==> Starting simulation(s) <==
==| Simulation(s) complete - final time: 7.37s |==
==> Starting simulation(s) <==
==| Simulation(s) complete - final time: 5.64s |==
==> Starting simulation(s) <==
==| Simulation(s) complete - final time: 6.14s |==
==> Starting simulation(s) <==
==| Simulation(s) complete - final time: 6.15s |==
==> Starting simulation(s) <==
==| Simulation(s) complete - final time: 6.39s |==
==> Starting simulation(s) <==
==| Simulation(s) complete - final time: 6.74s |==
==> Starting simulation(s) <==
==| Simulation(s) complete - final time: 7.12s |==
==> Starting simulation(s) <==
==| Simulation(s) complete - final time: 7.19s |==
==> Starting simulation(s) <==
==| Simulation(s) complete - final time: 7.29s |==
==> Starting simulation(s) <==
==| Simulation(s) complete - final time: 8.61s |==
==> Starting simulation(s) <==
==| Simulation(s) complete - final time: 9.79s |==
==> Starting simulation(s) <==
==| Simulation(s) complete - final time: 16.66s |==
==> Starting simulation(s) <==
==| Simulation(s) complete - final time: 20.97s |==
==> Starting simulation(s) <==
==| Simulation(s) complete - final time: 67.78s |==
==> Starting simulation(s) <==
==| Simulation(s) complete - final time: 1286.78s |==
==> Starting simulation(s) <==
==| Simulation(s) complete - final time: 7.09s |==
==> Starting simulation(s) <==
==| Simulation(s) complete - final time: 6.38s |==
==> Starting simulation(s) <==
==| Simulation(s) complete - final time: 6.42s |==
==> Starting simulation(s) <==
==| Simulation(s) complete - final time: 6.68s |==
==> Starting simulation(s) <==
==| Simulation(s) complete - final time: 6.23s |==
==> Starting simulation(s) <==
==| Simulation(s) complete - final time: 6.55s |==
==> Starting simulation(s) <==
==| Simulation(s) complete - final time: 6.6s |==
==> Starting simulation(s) <==
==| Simulation(s) complete - final time: 6.71s |==
==> Starting simulation(s) <==
==| Simulation(s) complete - final time: 6.37s |==
==> Starting simulation(s) <==
==| Simulation(s) complete - final time: 6.46s |==
==> Starting simulation(s) <==
==| Simulation(s) complete - final time: 6.39s |==
==> Starting simulation(s) <==
==| Simulation(s) complete - final time: 6.49s |==
==> Starting simulation(s) <==
==| Simulation(s) complete - final time: 6.47s |==
==> Starting simulation(s) <==
==| Simulation(s) complete - final time: 6.78s |==
==> Starting simulation(s) <==
==| Simulation(s) complete - final time: 7.21s |==
==> Starting simulation(s) <==
==| Simulation(s) complete - final time: 7.44s |==
==> Starting simulation(s) <==
==| Simulation(s) complete - final time: 7.22s |==
==> Starting simulation(s) <==
==| Simulation(s) complete - final time: 7.2s |==
==> Starting simulation(s) <==
==| Simulation(s) complete - final time: 7.83s |==
==> Starting simulation(s) <==
==| Simulation(s) complete - final time: 8.28s |==
==> Starting simulation(s) <==
==| Simulation(s) complete - final time: 8.71s |==
==> Starting simulation(s) <==
==| Simulation(s) complete - final time: 10.69s |==
==> Starting simulation(s) <==
==| Simulation(s) complete - final time: 12.71s |==
==> Starting simulation(s) <==
==| Simulation(s) complete - final time: 20.34s |==
==> Starting simulation(s) <==
==| Simulation(s) complete - final time: 76.43s |==
==> Starting simulation(s) <==
==| Simulation(s) complete - final time: 6.44s |==
==> Starting simulation(s) <==
==| Simulation(s) complete - final time: 6.58s |==
==> Starting simulation(s) <==
==| Simulation(s) complete - final time: 7.17s |==
==> Starting simulation(s) <==
==| Simulation(s) complete - final time: 7.4s |==
==> Starting simulation(s) <==
==| Simulation(s) complete - final time: 7.13s |==
==> Starting simulation(s) <==
==| Simulation(s) complete - final time: 6.26s |==
==> Starting simulation(s) <==
==| Simulation(s) complete - final time: 6.65s |==
==> Starting simulation(s) <==
==| Simulation(s) complete - final time: 6.58s |==
==> Starting simulation(s) <==
==| Simulation(s) complete - final time: 6.47s |==
==> Starting simulation(s) <==
==| Simulation(s) complete - final time: 6.5s |==
==> Starting simulation(s) <==
==| Simulation(s) complete - final time: 6.66s |==
==> Starting simulation(s) <==
==| Simulation(s) complete - final time: 7s |==
==> Starting simulation(s) <==
==| Simulation(s) complete - final time: 6.9s |==
==> Starting simulation(s) <==
==| Simulation(s) complete - final time: 6.42s |==
==> Starting simulation(s) <==
==| Simulation(s) complete - final time: 7.22s |==
==> Starting simulation(s) <==
==| Simulation(s) complete - final time: 6.77s |==
==> Starting simulation(s) <==
==| Simulation(s) complete - final time: 7.53s |==
==> Starting simulation(s) <==
==| Simulation(s) complete - final time: 7.24s |==
==> Starting simulation(s) <==
==| Simulation(s) complete - final time: 7.23s |==
==> Starting simulation(s) <==
==| Simulation(s) complete - final time: 7.83s |==
==> Starting simulation(s) <==
==| Simulation(s) complete - final time: 7.6s |==
==> Starting simulation(s) <==
==| Simulation(s) complete - final time: 8.54s |==
==> Starting simulation(s) <==
==| Simulation(s) complete - final time: 9.62s |==
==> Starting simulation(s) <==
==| Simulation(s) complete - final time: 11.63s |==
==> Starting simulation(s) <==
==| Simulation(s) complete - final time: 18.88s |==
==> Starting simulation(s) <==
==| Simulation(s) complete - final time: 6.05s |==
==> Starting simulation(s) <==
==| Simulation(s) complete - final time: 7.75s |==
==> Starting simulation(s) <==
==| Simulation(s) complete - final time: 8.37s |==
==> Starting simulation(s) <==
==| Simulation(s) complete - final time: 6.5s |==
==> Starting simulation(s) <==
==| Simulation(s) complete - final time: 6.19s |==
==> Starting simulation(s) <==
==| Simulation(s) complete - final time: 6.32s |==
==> Starting simulation(s) <==
==| Simulation(s) complete - final time: 6.41s |==
==> Starting simulation(s) <==
==| Simulation(s) complete - final time: 6.56s |==
==> Starting simulation(s) <==
==| Simulation(s) complete - final time: 6.98s |==
==> Starting simulation(s) <==
==| Simulation(s) complete - final time: 6.68s |==
==> Starting simulation(s) <==
==| Simulation(s) complete - final time: 6.83s |==
==> Starting simulation(s) <==
==| Simulation(s) complete - final time: 6.8s |==
==> Starting simulation(s) <==
==| Simulation(s) complete - final time: 6.72s |==
==> Starting simulation(s) <==
==| Simulation(s) complete - final time: 6.53s |==
==> Starting simulation(s) <==
==| Simulation(s) complete - final time: 6.56s |==
==> Starting simulation(s) <==
==| Simulation(s) complete - final time: 6.5s |==
==> Starting simulation(s) <==
==| Simulation(s) complete - final time: 6.61s |==
==> Starting simulation(s) <==
==| Simulation(s) complete - final time: 6.82s |==
==> Starting simulation(s) <==
==| Simulation(s) complete - final time: 6.78s |==
==> Starting simulation(s) <==
==| Simulation(s) complete - final time: 6.82s |==
==> Starting simulation(s) <==
==| Simulation(s) complete - final time: 6.95s |==
==> Starting simulation(s) <==
==| Simulation(s) complete - final time: 7.04s |==
==> Starting simulation(s) <==
==| Simulation(s) complete - final time: 8.04s |==
==> Starting simulation(s) <==
==| Simulation(s) complete - final time: 9.33s |==
==> Starting simulation(s) <==
==| Simulation(s) complete - final time: 11.24s |==
==> Starting simulation(s) <==
==| Simulation(s) complete - final time: 6.17s |==
==> Starting simulation(s) <==
==| Simulation(s) complete - final time: 6.74s |==
==> Starting simulation(s) <==
==| Simulation(s) complete - final time: 6.81s |==
==> Starting simulation(s) <==
==| Simulation(s) complete - final time: 6.1s |==
==> Starting simulation(s) <==
==| Simulation(s) complete - final time: 6.13s |==
==> Starting simulation(s) <==
==| Simulation(s) complete - final time: 6.69s |==
==> Starting simulation(s) <==
==| Simulation(s) complete - final time: 7.13s |==
==> Starting simulation(s) <==
==| Simulation(s) complete - final time: 6.86s |==
==> Starting simulation(s) <==
==| Simulation(s) complete - final time: 6.51s |==
==> Starting simulation(s) <==
==| Simulation(s) complete - final time: 7.16s |==
==> Starting simulation(s) <==
==| Simulation(s) complete - final time: 6.61s |==
==> Starting simulation(s) <==
==| Simulation(s) complete - final time: 6.81s |==
==> Starting simulation(s) <==
==| Simulation(s) complete - final time: 6.65s |==
==> Starting simulation(s) <==
==| Simulation(s) complete - final time: 6.7s |==
==> Starting simulation(s) <==
==| Simulation(s) complete - final time: 6.42s |==
==> Starting simulation(s) <==
==| Simulation(s) complete - final time: 6.57s |==
==> Starting simulation(s) <==
==| Simulation(s) complete - final time: 6.39s |==
==> Starting simulation(s) <==
==| Simulation(s) complete - final time: 6.55s |==
==> Starting simulation(s) <==
==| Simulation(s) complete - final time: 6.45s |==
==> Starting simulation(s) <==
==| Simulation(s) complete - final time: 6.55s |==
==> Starting simulation(s) <==
==| Simulation(s) complete - final time: 6.79s |==
==> Starting simulation(s) <==
==| Simulation(s) complete - final time: 6.99s |==
==> Starting simulation(s) <==
==| Simulation(s) complete - final time: 7.33s |==
==> Starting simulation(s) <==
==| Simulation(s) complete - final time: 7.64s |==
==> Starting simulation(s) <==
==| Simulation(s) complete - final time: 8.9s |==
There were 50 or more warnings (use warnings() to see the first 50)
Saving 7 x 7 in image
Error in Math.factor(5L, 2) : ‘round’ not meaningful for factors
Calls: paste0 -> Math.factor
Execution halted
